Analysis & Synthesis report for VideoConferencing_System
Sun May 24 01:11:24 2015
Quartus II 32-bit Version 13.0.1 Build 232 06/12/2013 Service Pack 1 SJ Web Edition


---------------------
; Table of Contents ;
---------------------
  1. Legal Notice
  2. Analysis & Synthesis Summary
  3. Analysis & Synthesis Settings
  4. Parallel Compilation
  5. Analysis & Synthesis Messages



----------------
; Legal Notice ;
----------------
Copyright (C) 1991-2013 Altera Corporation
Your use of Altera Corporation's design tools, logic functions 
and other software and tools, and its AMPP partner logic 
functions, and any output files from any of the foregoing 
(including device programming or simulation files), and any 
associated documentation or information are expressly subject 
to the terms and conditions of the Altera Program License 
Subscription Agreement, Altera MegaCore Function License 
Agreement, or other applicable license agreement, including, 
without limitation, that your use is for the sole purpose of 
programming logic devices manufactured by Altera and sold by 
Altera or its authorized distributors.  Please refer to the 
applicable agreement for further details.



+--------------------------------------------------------------------------------------+
; Analysis & Synthesis Summary                                                         ;
+------------------------------------+-------------------------------------------------+
; Analysis & Synthesis Status        ; Failed - Sun May 24 01:11:24 2015               ;
; Quartus II 32-bit Version          ; 13.0.1 Build 232 06/12/2013 SP 1 SJ Web Edition ;
; Revision Name                      ; VideoConferencing_System                        ;
; Top-level Entity Name              ; VideoConferencing_System                        ;
; Family                             ; Cyclone IV E                                    ;
; Total logic elements               ; N/A until Partition Merge                       ;
;     Total combinational functions  ; N/A until Partition Merge                       ;
;     Dedicated logic registers      ; N/A until Partition Merge                       ;
; Total registers                    ; N/A until Partition Merge                       ;
; Total pins                         ; N/A until Partition Merge                       ;
; Total virtual pins                 ; N/A until Partition Merge                       ;
; Total memory bits                  ; N/A until Partition Merge                       ;
; Embedded Multiplier 9-bit elements ; N/A until Partition Merge                       ;
; Total PLLs                         ; N/A until Partition Merge                       ;
+------------------------------------+-------------------------------------------------+


+----------------------------------------------------------------------------------------------------------------------------------+
; Analysis & Synthesis Settings                                                                                                    ;
+----------------------------------------------------------------------------+--------------------------+--------------------------+
; Option                                                                     ; Setting                  ; Default Value            ;
+----------------------------------------------------------------------------+--------------------------+--------------------------+
; Device                                                                     ; EP4CE115F29C7            ;                          ;
; Top-level entity name                                                      ; VideoConferencing_System ; VideoConferencing_System ;
; Family name                                                                ; Cyclone IV E             ; Cyclone IV GX            ;
; Use smart compilation                                                      ; Off                      ; Off                      ;
; Enable parallel Assembler and TimeQuest Timing Analyzer during compilation ; On                       ; On                       ;
; Enable compact report table                                                ; Off                      ; Off                      ;
; Restructure Multiplexers                                                   ; Auto                     ; Auto                     ;
; Create Debugging Nodes for IP Cores                                        ; Off                      ; Off                      ;
; Preserve fewer node names                                                  ; On                       ; On                       ;
; Disable OpenCore Plus hardware evaluation                                  ; Off                      ; Off                      ;
; Verilog Version                                                            ; Verilog_2001             ; Verilog_2001             ;
; VHDL Version                                                               ; VHDL_1993                ; VHDL_1993                ;
; State Machine Processing                                                   ; Auto                     ; Auto                     ;
; Safe State Machine                                                         ; Off                      ; Off                      ;
; Extract Verilog State Machines                                             ; On                       ; On                       ;
; Extract VHDL State Machines                                                ; On                       ; On                       ;
; Ignore Verilog initial constructs                                          ; Off                      ; Off                      ;
; Iteration limit for constant Verilog loops                                 ; 5000                     ; 5000                     ;
; Iteration limit for non-constant Verilog loops                             ; 250                      ; 250                      ;
; Add Pass-Through Logic to Inferred RAMs                                    ; On                       ; On                       ;
; Infer RAMs from Raw Logic                                                  ; On                       ; On                       ;
; Parallel Synthesis                                                         ; On                       ; On                       ;
; DSP Block Balancing                                                        ; Auto                     ; Auto                     ;
; NOT Gate Push-Back                                                         ; On                       ; On                       ;
; Power-Up Don't Care                                                        ; On                       ; On                       ;
; Remove Redundant Logic Cells                                               ; Off                      ; Off                      ;
; Remove Duplicate Registers                                                 ; On                       ; On                       ;
; Ignore CARRY Buffers                                                       ; Off                      ; Off                      ;
; Ignore CASCADE Buffers                                                     ; Off                      ; Off                      ;
; Ignore GLOBAL Buffers                                                      ; Off                      ; Off                      ;
; Ignore ROW GLOBAL Buffers                                                  ; Off                      ; Off                      ;
; Ignore LCELL Buffers                                                       ; Off                      ; Off                      ;
; Ignore SOFT Buffers                                                        ; On                       ; On                       ;
; Limit AHDL Integers to 32 Bits                                             ; Off                      ; Off                      ;
; Optimization Technique                                                     ; Balanced                 ; Balanced                 ;
; Carry Chain Length                                                         ; 70                       ; 70                       ;
; Auto Carry Chains                                                          ; On                       ; On                       ;
; Auto Open-Drain Pins                                                       ; On                       ; On                       ;
; Perform WYSIWYG Primitive Resynthesis                                      ; Off                      ; Off                      ;
; Auto ROM Replacement                                                       ; On                       ; On                       ;
; Auto RAM Replacement                                                       ; On                       ; On                       ;
; Auto DSP Block Replacement                                                 ; On                       ; On                       ;
; Auto Shift Register Replacement                                            ; Auto                     ; Auto                     ;
; Allow Shift Register Merging across Hierarchies                            ; Auto                     ; Auto                     ;
; Auto Clock Enable Replacement                                              ; On                       ; On                       ;
; Strict RAM Replacement                                                     ; Off                      ; Off                      ;
; Allow Synchronous Control Signals                                          ; On                       ; On                       ;
; Force Use of Synchronous Clear Signals                                     ; Off                      ; Off                      ;
; Auto RAM Block Balancing                                                   ; On                       ; On                       ;
; Auto RAM to Logic Cell Conversion                                          ; Off                      ; Off                      ;
; Auto Resource Sharing                                                      ; Off                      ; Off                      ;
; Allow Any RAM Size For Recognition                                         ; Off                      ; Off                      ;
; Allow Any ROM Size For Recognition                                         ; Off                      ; Off                      ;
; Allow Any Shift Register Size For Recognition                              ; Off                      ; Off                      ;
; Use LogicLock Constraints during Resource Balancing                        ; On                       ; On                       ;
; Ignore translate_off and synthesis_off directives                          ; Off                      ; Off                      ;
; Timing-Driven Synthesis                                                    ; On                       ; On                       ;
; Report Parameter Settings                                                  ; On                       ; On                       ;
; Report Source Assignments                                                  ; On                       ; On                       ;
; Report Connectivity Checks                                                 ; On                       ; On                       ;
; Ignore Maximum Fan-Out Assignments                                         ; Off                      ; Off                      ;
; Synchronization Register Chain Length                                      ; 2                        ; 2                        ;
; PowerPlay Power Optimization                                               ; Normal compilation       ; Normal compilation       ;
; HDL message level                                                          ; Level2                   ; Level2                   ;
; Suppress Register Optimization Related Messages                            ; Off                      ; Off                      ;
; Number of Removed Registers Reported in Synthesis Report                   ; 5000                     ; 5000                     ;
; Number of Swept Nodes Reported in Synthesis Report                         ; 5000                     ; 5000                     ;
; Number of Inverted Registers Reported in Synthesis Report                  ; 100                      ; 100                      ;
; Clock MUX Protection                                                       ; On                       ; On                       ;
; Auto Gated Clock Conversion                                                ; Off                      ; Off                      ;
; Block Design Naming                                                        ; Auto                     ; Auto                     ;
; SDC constraint protection                                                  ; Off                      ; Off                      ;
; Synthesis Effort                                                           ; Auto                     ; Auto                     ;
; Shift Register Replacement - Allow Asynchronous Clear Signal               ; On                       ; On                       ;
; Pre-Mapping Resynthesis Optimization                                       ; Off                      ; Off                      ;
; Analysis & Synthesis Message Level                                         ; Medium                   ; Medium                   ;
; Disable Register Merging Across Hierarchies                                ; Auto                     ; Auto                     ;
; Resource Aware Inference For Block RAM                                     ; On                       ; On                       ;
; Synthesis Seed                                                             ; 1                        ; 1                        ;
+----------------------------------------------------------------------------+--------------------------+--------------------------+


+------------------------------------------+
; Parallel Compilation                     ;
+----------------------------+-------------+
; Processors                 ; Number      ;
+----------------------------+-------------+
; Number detected on machine ; 2           ;
; Maximum allowed            ; 2           ;
;                            ;             ;
; Average used               ; 1.00        ;
; Maximum used               ; 1           ;
;                            ;             ;
; Usage by Processor         ; % Time Used ;
;     Processor 1            ; 100.0%      ;
;     Processor 2            ;   0.0%      ;
+----------------------------+-------------+


+-------------------------------+
; Analysis & Synthesis Messages ;
+-------------------------------+
Info: *******************************************************************
Info: Running Quartus II 32-bit Analysis & Synthesis
    Info: Version 13.0.1 Build 232 06/12/2013 Service Pack 1 SJ Web Edition
    Info: Processing started: Sun May 24 01:11:20 2015
Info: Command: quartus_map --read_settings_files=on --write_settings_files=off VideoConferencing_System -c VideoConferencing_System
Info (20030): Parallel compilation is enabled and will use 2 of the 2 processors detected
Info (12021): Found 1 design units, including 1 entities, in source file videoconferencing_dma.v
    Info (12023): Found entity 1: VideoConferencing_DMA
Info (12021): Found 1 design units, including 1 entities, in source file nios_system/synthesis/nios_system.v
    Info (12023): Found entity 1: nios_system
Warning (10275): Verilog HDL Module Instantiation warning at VideoConferencing_System.v(691): ignored dangling comma in List of Port Connections
Info (12021): Found 1 design units, including 1 entities, in source file videoconferencing_system.v
    Info (12023): Found entity 1: VideoConferencing_System
Info (12127): Elaborating entity "VideoConferencing_System" for the top level hierarchy
Warning (10034): Output port "HSMC_LCD_DEN" at VideoConferencing_System.v(370) has no driver
Info (12128): Elaborating entity "nios_system" for hierarchy "nios_system:NiosII"
Info (12128): Elaborating entity "VideoConferencing_DMA" for hierarchy "nios_system:NiosII|VideoConferencing_DMA:videoconferencing_dma_0"
Error (12006): Node instance "pll_inst" instantiates undefined entity "enet_pll" File: C:/Users/nipuna1/Documents/EE109/Final Project Files/VideoConferencing_System.v Line: 484
Error (12006): Node instance "ddio_out_inst" instantiates undefined entity "enet_ddio_out" File: C:/Users/nipuna1/Documents/EE109/Final Project Files/VideoConferencing_System.v Line: 495
Error (12006): Node instance "jtag_uart" instantiates undefined entity "nios_system_JTAG_UART" File: C:/Users/nipuna1/Documents/EE109/Final Project Files/nios_system/synthesis/nios_system.v Line: 2774
Error (12006): Node instance "interval_timer" instantiates undefined entity "nios_system_Interval_Timer" File: C:/Users/nipuna1/Documents/EE109/Final Project Files/nios_system/synthesis/nios_system.v Line: 2785
Error (12006): Node instance "sdram" instantiates undefined entity "nios_system_SDRAM" File: C:/Users/nipuna1/Documents/EE109/Final Project Files/nios_system/synthesis/nios_system.v Line: 2808
Error (12006): Node instance "red_leds" instantiates undefined entity "nios_system_Red_LEDs" File: C:/Users/nipuna1/Documents/EE109/Final Project Files/nios_system/synthesis/nios_system.v Line: 2821
Error (12006): Node instance "green_leds" instantiates undefined entity "nios_system_Green_LEDs" File: C:/Users/nipuna1/Documents/EE109/Final Project Files/nios_system/synthesis/nios_system.v Line: 2834
Error (12006): Node instance "hex3_hex0" instantiates undefined entity "nios_system_HEX3_HEX0" File: C:/Users/nipuna1/Documents/EE109/Final Project Files/nios_system/synthesis/nios_system.v Line: 2850
Error (12006): Node instance "hex7_hex4" instantiates undefined entity "nios_system_HEX7_HEX4" File: C:/Users/nipuna1/Documents/EE109/Final Project Files/nios_system/synthesis/nios_system.v Line: 2866
Error (12006): Node instance "slider_switches" instantiates undefined entity "nios_system_Slider_Switches" File: C:/Users/nipuna1/Documents/EE109/Final Project Files/nios_system/synthesis/nios_system.v Line: 2880
Error (12006): Node instance "pushbuttons" instantiates undefined entity "nios_system_Pushbuttons" File: C:/Users/nipuna1/Documents/EE109/Final Project Files/nios_system/synthesis/nios_system.v Line: 2894
Error (12006): Node instance "expansion_jp5" instantiates undefined entity "nios_system_Expansion_JP5" File: C:/Users/nipuna1/Documents/EE109/Final Project Files/nios_system/synthesis/nios_system.v Line: 2908
Error (12006): Node instance "serial_port" instantiates undefined entity "nios_system_Serial_Port" File: C:/Users/nipuna1/Documents/EE109/Final Project Files/nios_system/synthesis/nios_system.v Line: 2923
Error (12006): Node instance "onboard_av" instantiates undefined entity "nios_system_OnBoard_AV" File: C:/Users/nipuna1/Documents/EE109/Final Project Files/nios_system/synthesis/nios_system.v Line: 2937
Error (12006): Node instance "audio" instantiates undefined entity "nios_system_Audio" File: C:/Users/nipuna1/Documents/EE109/Final Project Files/nios_system/synthesis/nios_system.v Line: 2954
Error (12006): Node instance "char_lcd_16x2" instantiates undefined entity "nios_system_Char_LCD_16x2" File: C:/Users/nipuna1/Documents/EE109/Final Project Files/nios_system/synthesis/nios_system.v Line: 2972
Error (12006): Node instance "ps2_port" instantiates undefined entity "nios_system_PS2_Port" File: C:/Users/nipuna1/Documents/EE109/Final Project Files/nios_system/synthesis/nios_system.v Line: 2988
Error (12006): Node instance "sram" instantiates undefined entity "nios_system_SRAM" File: C:/Users/nipuna1/Documents/EE109/Final Project Files/nios_system/synthesis/nios_system.v Line: 3007
Error (12006): Node instance "vga_char_buffer" instantiates undefined entity "nios_system_VGA_Char_Buffer" File: C:/Users/nipuna1/Documents/EE109/Final Project Files/nios_system/synthesis/nios_system.v Line: 3032
Error (12006): Node instance "vga_controller" instantiates undefined entity "nios_system_VGA_Controller" File: C:/Users/nipuna1/Documents/EE109/Final Project Files/nios_system/synthesis/nios_system.v Line: 3050
Error (12006): Node instance "vga_pixel_rgb_resampler" instantiates undefined entity "nios_system_VGA_Pixel_RGB_Resampler" File: C:/Users/nipuna1/Documents/EE109/Final Project Files/nios_system/synthesis/nios_system.v Line: 3065
Error (12006): Node instance "vga_pixel_scaler" instantiates undefined entity "nios_system_VGA_Pixel_Scaler" File: C:/Users/nipuna1/Documents/EE109/Final Project Files/nios_system/synthesis/nios_system.v Line: 3080
Error (12006): Node instance "vga_dual_clock_fifo" instantiates undefined entity "nios_system_VGA_Dual_Clock_FIFO" File: C:/Users/nipuna1/Documents/EE109/Final Project Files/nios_system/synthesis/nios_system.v Line: 3097
Error (12006): Node instance "cpu_fpoint" instantiates undefined entity "fpoint_wrapper" File: C:/Users/nipuna1/Documents/EE109/Final Project Files/nios_system/synthesis/nios_system.v Line: 3111
Error (12006): Node instance "vga_alpha_blender" instantiates undefined entity "nios_system_VGA_Alpha_Blender" File: C:/Users/nipuna1/Documents/EE109/Final Project Files/nios_system/synthesis/nios_system.v Line: 3131
Error (12006): Node instance "ps2_port_dual" instantiates undefined entity "nios_system_PS2_Port" File: C:/Users/nipuna1/Documents/EE109/Final Project Files/nios_system/synthesis/nios_system.v Line: 3147
Error (12006): Node instance "cpu" instantiates undefined entity "nios_system_CPU" File: C:/Users/nipuna1/Documents/EE109/Final Project Files/nios_system/synthesis/nios_system.v Line: 3190
Error (12006): Node instance "sysid" instantiates undefined entity "nios_system_sysid" File: C:/Users/nipuna1/Documents/EE109/Final Project Files/nios_system/synthesis/nios_system.v Line: 3197
Error (12006): Node instance "external_clocks" instantiates undefined entity "nios_system_External_Clocks" File: C:/Users/nipuna1/Documents/EE109/Final Project Files/nios_system/synthesis/nios_system.v Line: 3209
Error (12006): Node instance "irda" instantiates undefined entity "nios_system_IrDA" File: C:/Users/nipuna1/Documents/EE109/Final Project Files/nios_system/synthesis/nios_system.v Line: 3224
Error (12006): Node instance "video_in" instantiates undefined entity "nios_system_Video_In" File: C:/Users/nipuna1/Documents/EE109/Final Project Files/nios_system/synthesis/nios_system.v Line: 3241
Error (12006): Node instance "video_in_chroma_resampler" instantiates undefined entity "nios_system_Video_In_Chroma_Resampler" File: C:/Users/nipuna1/Documents/EE109/Final Project Files/nios_system/synthesis/nios_system.v Line: 3256
Error (12006): Node instance "video_in_csc" instantiates undefined entity "nios_system_Video_In_CSC" File: C:/Users/nipuna1/Documents/EE109/Final Project Files/nios_system/synthesis/nios_system.v Line: 3271
Error (12006): Node instance "video_in_rgb_resampler" instantiates undefined entity "nios_system_Video_In_RGB_Resampler" File: C:/Users/nipuna1/Documents/EE109/Final Project Files/nios_system/synthesis/nios_system.v Line: 3286
Error (12006): Node instance "video_in_clipper" instantiates undefined entity "nios_system_Video_In_Clipper" File: C:/Users/nipuna1/Documents/EE109/Final Project Files/nios_system/synthesis/nios_system.v Line: 3301
Error (12006): Node instance "video_in_scaler" instantiates undefined entity "nios_system_Video_In_Scaler" File: C:/Users/nipuna1/Documents/EE109/Final Project Files/nios_system/synthesis/nios_system.v Line: 3316
Error (12006): Node instance "camera_config" instantiates undefined entity "nios_system_Camera_Config" File: C:/Users/nipuna1/Documents/EE109/Final Project Files/nios_system/synthesis/nios_system.v Line: 3331
Error (12006): Node instance "camera_in" instantiates undefined entity "nios_system_Camera_In" File: C:/Users/nipuna1/Documents/EE109/Final Project Files/nios_system/synthesis/nios_system.v Line: 3346
Error (12006): Node instance "camera_bayer_resampler" instantiates undefined entity "nios_system_Camera_Bayer_Resampler" File: C:/Users/nipuna1/Documents/EE109/Final Project Files/nios_system/synthesis/nios_system.v Line: 3361
Error (12006): Node instance "camera_scaler" instantiates undefined entity "nios_system_Camera_Scaler" File: C:/Users/nipuna1/Documents/EE109/Final Project Files/nios_system/synthesis/nios_system.v Line: 3376
Error (12006): Node instance "camera_clipper" instantiates undefined entity "nios_system_Camera_Clipper" File: C:/Users/nipuna1/Documents/EE109/Final Project Files/nios_system/synthesis/nios_system.v Line: 3391
Error (12006): Node instance "camera_rgb_resampler" instantiates undefined entity "nios_system_Video_In_RGB_Resampler" File: C:/Users/nipuna1/Documents/EE109/Final Project Files/nios_system/synthesis/nios_system.v Line: 3406
Error (12006): Node instance "lcd_controller" instantiates undefined entity "nios_system_LCD_Controller" File: C:/Users/nipuna1/Documents/EE109/Final Project Files/nios_system/synthesis/nios_system.v Line: 3423
Error (12006): Node instance "lcd_rgb_resampler" instantiates undefined entity "nios_system_LCD_RGB_Resampler" File: C:/Users/nipuna1/Documents/EE109/Final Project Files/nios_system/synthesis/nios_system.v Line: 3438
Error (12006): Node instance "lcd_scalar" instantiates undefined entity "nios_system_LCD_Scalar" File: C:/Users/nipuna1/Documents/EE109/Final Project Files/nios_system/synthesis/nios_system.v Line: 3453
Error (12006): Node instance "lcd_dual_clock_fifo" instantiates undefined entity "nios_system_LCD_Dual_Clock_FIFO" File: C:/Users/nipuna1/Documents/EE109/Final Project Files/nios_system/synthesis/nios_system.v Line: 3470
Error (12006): Node instance "video_in_dma_controller" instantiates undefined entity "nios_system_Video_In_DMA_Controller" File: C:/Users/nipuna1/Documents/EE109/Final Project Files/nios_system/synthesis/nios_system.v Line: 3490
Error (12006): Node instance "camera_dma_controller" instantiates undefined entity "nios_system_Camera_DMA_Controller" File: C:/Users/nipuna1/Documents/EE109/Final Project Files/nios_system/synthesis/nios_system.v Line: 3510
Error (12006): Node instance "accelerometer" instantiates undefined entity "nios_system_Accelerometer" File: C:/Users/nipuna1/Documents/EE109/Final Project Files/nios_system/synthesis/nios_system.v Line: 3527
Error (12006): Node instance "usb" instantiates undefined entity "nios_system_USB" File: C:/Users/nipuna1/Documents/EE109/Final Project Files/nios_system/synthesis/nios_system.v Line: 3547
Error (12006): Node instance "lcd_char_buffer" instantiates undefined entity "nios_system_LCD_Char_Buffer" File: C:/Users/nipuna1/Documents/EE109/Final Project Files/nios_system/synthesis/nios_system.v Line: 3572
Error (12006): Node instance "lcd_alpha_blender" instantiates undefined entity "nios_system_VGA_Alpha_Blender" File: C:/Users/nipuna1/Documents/EE109/Final Project Files/nios_system/synthesis/nios_system.v Line: 3592
Error (12006): Node instance "enet" instantiates undefined entity "nios_system_enet" File: C:/Users/nipuna1/Documents/EE109/Final Project Files/nios_system/synthesis/nios_system.v Line: 3647
Error (12006): Node instance "descriptor_memory" instantiates undefined entity "nios_system_descriptor_memory" File: C:/Users/nipuna1/Documents/EE109/Final Project Files/nios_system/synthesis/nios_system.v Line: 3660
Error (12006): Node instance "packet_memory" instantiates undefined entity "nios_system_packet_memory" File: C:/Users/nipuna1/Documents/EE109/Final Project Files/nios_system/synthesis/nios_system.v Line: 3673
Error (12006): Node instance "lcd_dma_controller" instantiates undefined entity "nios_system_LCD_DMA_Controller" File: C:/Users/nipuna1/Documents/EE109/Final Project Files/nios_system/synthesis/nios_system.v Line: 3695
Error (12006): Node instance "vga_dma_controller" instantiates undefined entity "nios_system_VGA_DMA_Controller" File: C:/Users/nipuna1/Documents/EE109/Final Project Files/nios_system/synthesis/nios_system.v Line: 3717
Error (12006): Node instance "cpu_custom_instruction_master_translator" instantiates undefined entity "altera_customins_master_translator" File: C:/Users/nipuna1/Documents/EE109/Final Project Files/nios_system/synthesis/nios_system.v Line: 3833
Error (12006): Node instance "cpu_custom_instruction_master_multi_xconnect" instantiates undefined entity "nios_system_CPU_custom_instruction_master_multi_xconnect" File: C:/Users/nipuna1/Documents/EE109/Final Project Files/nios_system/synthesis/nios_system.v Line: 3870
Error (12006): Node instance "cpu_custom_instruction_master_multi_slave_translator0" instantiates undefined entity "altera_customins_slave_translator" File: C:/Users/nipuna1/Documents/EE109/Final Project Files/nios_system/synthesis/nios_system.v Line: 3911
Error (12006): Node instance "cpu_instruction_master_translator" instantiates undefined entity "altera_merlin_master_translator" File: C:/Users/nipuna1/Documents/EE109/Final Project Files/nios_system/synthesis/nios_system.v Line: 3973
Error (12006): Node instance "cpu_data_master_translator" instantiates undefined entity "altera_merlin_master_translator" File: C:/Users/nipuna1/Documents/EE109/Final Project Files/nios_system/synthesis/nios_system.v Line: 4035
Error (12006): Node instance "videoconferencing_dma_0_avalon_master_1_translator" instantiates undefined entity "altera_merlin_master_translator" File: C:/Users/nipuna1/Documents/EE109/Final Project Files/nios_system/synthesis/nios_system.v Line: 4097
Error (12006): Node instance "video_in_dma_controller_avalon_dma_master_translator" instantiates undefined entity "altera_merlin_master_translator" File: C:/Users/nipuna1/Documents/EE109/Final Project Files/nios_system/synthesis/nios_system.v Line: 4159
Error (12006): Node instance "camera_dma_controller_avalon_dma_master_translator" instantiates undefined entity "altera_merlin_master_translator" File: C:/Users/nipuna1/Documents/EE109/Final Project Files/nios_system/synthesis/nios_system.v Line: 4221
Error (12006): Node instance "lcd_dma_controller_avalon_dma_master_translator" instantiates undefined entity "altera_merlin_master_translator" File: C:/Users/nipuna1/Documents/EE109/Final Project Files/nios_system/synthesis/nios_system.v Line: 4283
Error (12006): Node instance "vga_dma_controller_avalon_dma_master_translator" instantiates undefined entity "altera_merlin_master_translator" File: C:/Users/nipuna1/Documents/EE109/Final Project Files/nios_system/synthesis/nios_system.v Line: 4345
Error (12006): Node instance "videoconferencing_dma_0_avalon_master_2_translator" instantiates undefined entity "altera_merlin_master_translator" File: C:/Users/nipuna1/Documents/EE109/Final Project Files/nios_system/synthesis/nios_system.v Line: 4407
Error (12006): Node instance "videoconferencing_dma_0_avalon_master_translator" instantiates undefined entity "altera_merlin_master_translator" File: C:/Users/nipuna1/Documents/EE109/Final Project Files/nios_system/synthesis/nios_system.v Line: 4469
Error (12006): Node instance "cpu_jtag_debug_module_translator" instantiates undefined entity "altera_merlin_slave_translator" File: C:/Users/nipuna1/Documents/EE109/Final Project Files/nios_system/synthesis/nios_system.v Line: 4535
Error (12006): Node instance "sdram_s1_translator" instantiates undefined entity "altera_merlin_slave_translator" File: C:/Users/nipuna1/Documents/EE109/Final Project Files/nios_system/synthesis/nios_system.v Line: 4601
Error (12006): Node instance "jtag_uart_avalon_jtag_slave_translator" instantiates undefined entity "altera_merlin_slave_translator" File: C:/Users/nipuna1/Documents/EE109/Final Project Files/nios_system/synthesis/nios_system.v Line: 4667
Error (12006): Node instance "interval_timer_s1_translator" instantiates undefined entity "altera_merlin_slave_translator" File: C:/Users/nipuna1/Documents/EE109/Final Project Files/nios_system/synthesis/nios_system.v Line: 4733
Error (12006): Node instance "sysid_control_slave_translator" instantiates undefined entity "altera_merlin_slave_translator" File: C:/Users/nipuna1/Documents/EE109/Final Project Files/nios_system/synthesis/nios_system.v Line: 4799
Error (12006): Node instance "red_leds_avalon_parallel_port_slave_translator" instantiates undefined entity "altera_merlin_slave_translator" File: C:/Users/nipuna1/Documents/EE109/Final Project Files/nios_system/synthesis/nios_system.v Line: 4865
Error (12006): Node instance "green_leds_avalon_parallel_port_slave_translator" instantiates undefined entity "altera_merlin_slave_translator" File: C:/Users/nipuna1/Documents/EE109/Final Project Files/nios_system/synthesis/nios_system.v Line: 4931
Error (12006): Node instance "hex3_hex0_avalon_parallel_port_slave_translator" instantiates undefined entity "altera_merlin_slave_translator" File: C:/Users/nipuna1/Documents/EE109/Final Project Files/nios_system/synthesis/nios_system.v Line: 4997
Error (12006): Node instance "hex7_hex4_avalon_parallel_port_slave_translator" instantiates undefined entity "altera_merlin_slave_translator" File: C:/Users/nipuna1/Documents/EE109/Final Project Files/nios_system/synthesis/nios_system.v Line: 5063
Error (12006): Node instance "slider_switches_avalon_parallel_port_slave_translator" instantiates undefined entity "altera_merlin_slave_translator" File: C:/Users/nipuna1/Documents/EE109/Final Project Files/nios_system/synthesis/nios_system.v Line: 5129
Error (12006): Node instance "pushbuttons_avalon_parallel_port_slave_translator" instantiates undefined entity "altera_merlin_slave_translator" File: C:/Users/nipuna1/Documents/EE109/Final Project Files/nios_system/synthesis/nios_system.v Line: 5195
Error (12006): Node instance "expansion_jp5_avalon_parallel_port_slave_translator" instantiates undefined entity "altera_merlin_slave_translator" File: C:/Users/nipuna1/Documents/EE109/Final Project Files/nios_system/synthesis/nios_system.v Line: 5261
Error (12006): Node instance "serial_port_avalon_rs232_slave_translator" instantiates undefined entity "altera_merlin_slave_translator" File: C:/Users/nipuna1/Documents/EE109/Final Project Files/nios_system/synthesis/nios_system.v Line: 5327
Error (12006): Node instance "char_lcd_16x2_avalon_lcd_slave_translator" instantiates undefined entity "altera_merlin_slave_translator" File: C:/Users/nipuna1/Documents/EE109/Final Project Files/nios_system/synthesis/nios_system.v Line: 5393
Error (12006): Node instance "ps2_port_avalon_ps2_slave_translator" instantiates undefined entity "altera_merlin_slave_translator" File: C:/Users/nipuna1/Documents/EE109/Final Project Files/nios_system/synthesis/nios_system.v Line: 5459
Error (12006): Node instance "sram_avalon_sram_slave_translator" instantiates undefined entity "altera_merlin_slave_translator" File: C:/Users/nipuna1/Documents/EE109/Final Project Files/nios_system/synthesis/nios_system.v Line: 5525
Error (12006): Node instance "vga_char_buffer_avalon_char_control_slave_translator" instantiates undefined entity "altera_merlin_slave_translator" File: C:/Users/nipuna1/Documents/EE109/Final Project Files/nios_system/synthesis/nios_system.v Line: 5591
Error (12006): Node instance "vga_char_buffer_avalon_char_buffer_slave_translator" instantiates undefined entity "altera_merlin_slave_translator" File: C:/Users/nipuna1/Documents/EE109/Final Project Files/nios_system/synthesis/nios_system.v Line: 5657
Error (12006): Node instance "onboard_av_avalon_av_config_slave_translator" instantiates undefined entity "altera_merlin_slave_translator" File: C:/Users/nipuna1/Documents/EE109/Final Project Files/nios_system/synthesis/nios_system.v Line: 5723
Error (12006): Node instance "ps2_port_dual_avalon_ps2_slave_translator" instantiates undefined entity "altera_merlin_slave_translator" File: C:/Users/nipuna1/Documents/EE109/Final Project Files/nios_system/synthesis/nios_system.v Line: 5789
Error (12006): Node instance "audio_avalon_audio_slave_translator" instantiates undefined entity "altera_merlin_slave_translator" File: C:/Users/nipuna1/Documents/EE109/Final Project Files/nios_system/synthesis/nios_system.v Line: 5855
Error (12006): Node instance "irda_avalon_irda_slave_translator" instantiates undefined entity "altera_merlin_slave_translator" File: C:/Users/nipuna1/Documents/EE109/Final Project Files/nios_system/synthesis/nios_system.v Line: 5921
Error (12006): Node instance "video_in_dma_controller_avalon_dma_control_slave_translator" instantiates undefined entity "altera_merlin_slave_translator" File: C:/Users/nipuna1/Documents/EE109/Final Project Files/nios_system/synthesis/nios_system.v Line: 5987
Error (12006): Node instance "camera_dma_controller_avalon_dma_control_slave_translator" instantiates undefined entity "altera_merlin_slave_translator" File: C:/Users/nipuna1/Documents/EE109/Final Project Files/nios_system/synthesis/nios_system.v Line: 6053
Error (12006): Node instance "camera_config_avalon_av_config_slave_translator" instantiates undefined entity "altera_merlin_slave_translator" File: C:/Users/nipuna1/Documents/EE109/Final Project Files/nios_system/synthesis/nios_system.v Line: 6119
Error (12006): Node instance "accelerometer_avalon_accelerometer_spi_mode_slave_translator" instantiates undefined entity "altera_merlin_slave_translator" File: C:/Users/nipuna1/Documents/EE109/Final Project Files/nios_system/synthesis/nios_system.v Line: 6185
Error (12006): Node instance "usb_avalon_usb_slave_translator" instantiates undefined entity "altera_merlin_slave_translator" File: C:/Users/nipuna1/Documents/EE109/Final Project Files/nios_system/synthesis/nios_system.v Line: 6251
Error (12006): Node instance "lcd_char_buffer_avalon_char_control_slave_translator" instantiates undefined entity "altera_merlin_slave_translator" File: C:/Users/nipuna1/Documents/EE109/Final Project Files/nios_system/synthesis/nios_system.v Line: 6317
Error (12006): Node instance "lcd_char_buffer_avalon_char_buffer_slave_translator" instantiates undefined entity "altera_merlin_slave_translator" File: C:/Users/nipuna1/Documents/EE109/Final Project Files/nios_system/synthesis/nios_system.v Line: 6383
Error (12006): Node instance "enet_control_port_translator" instantiates undefined entity "altera_merlin_slave_translator" File: C:/Users/nipuna1/Documents/EE109/Final Project Files/nios_system/synthesis/nios_system.v Line: 6449
Error (12006): Node instance "packet_memory_s1_translator" instantiates undefined entity "altera_merlin_slave_translator" File: C:/Users/nipuna1/Documents/EE109/Final Project Files/nios_system/synthesis/nios_system.v Line: 6515
Error (12006): Node instance "descriptor_memory_s1_translator" instantiates undefined entity "altera_merlin_slave_translator" File: C:/Users/nipuna1/Documents/EE109/Final Project Files/nios_system/synthesis/nios_system.v Line: 6581
Error (12006): Node instance "lcd_dma_controller_avalon_dma_control_slave_translator" instantiates undefined entity "altera_merlin_slave_translator" File: C:/Users/nipuna1/Documents/EE109/Final Project Files/nios_system/synthesis/nios_system.v Line: 6647
Error (12006): Node instance "vga_dma_controller_avalon_dma_control_slave_translator" instantiates undefined entity "altera_merlin_slave_translator" File: C:/Users/nipuna1/Documents/EE109/Final Project Files/nios_system/synthesis/nios_system.v Line: 6713
Error (12006): Node instance "videoconferencing_dma_0_avalon_slave_translator" instantiates undefined entity "altera_merlin_slave_translator" File: C:/Users/nipuna1/Documents/EE109/Final Project Files/nios_system/synthesis/nios_system.v Line: 6779
Error (12006): Node instance "cpu_instruction_master_translator_avalon_universal_master_0_agent" instantiates undefined entity "altera_merlin_master_agent" File: C:/Users/nipuna1/Documents/EE109/Final Project Files/nios_system/synthesis/nios_system.v Line: 6859
Error (12006): Node instance "cpu_data_master_translator_avalon_universal_master_0_agent" instantiates undefined entity "altera_merlin_master_agent" File: C:/Users/nipuna1/Documents/EE109/Final Project Files/nios_system/synthesis/nios_system.v Line: 6939
Error (12006): Node instance "videoconferencing_dma_0_avalon_master_1_translator_avalon_universal_master_0_agent" instantiates undefined entity "altera_merlin_master_agent" File: C:/Users/nipuna1/Documents/EE109/Final Project Files/nios_system/synthesis/nios_system.v Line: 7019
Error (12006): Node instance "video_in_dma_controller_avalon_dma_master_translator_avalon_universal_master_0_agent" instantiates undefined entity "altera_merlin_master_agent" File: C:/Users/nipuna1/Documents/EE109/Final Project Files/nios_system/synthesis/nios_system.v Line: 7099
Error (12006): Node instance "camera_dma_controller_avalon_dma_master_translator_avalon_universal_master_0_agent" instantiates undefined entity "altera_merlin_master_agent" File: C:/Users/nipuna1/Documents/EE109/Final Project Files/nios_system/synthesis/nios_system.v Line: 7179
Error (12006): Node instance "lcd_dma_controller_avalon_dma_master_translator_avalon_universal_master_0_agent" instantiates undefined entity "altera_merlin_master_agent" File: C:/Users/nipuna1/Documents/EE109/Final Project Files/nios_system/synthesis/nios_system.v Line: 7259
Error (12006): Node instance "vga_dma_controller_avalon_dma_master_translator_avalon_universal_master_0_agent" instantiates undefined entity "altera_merlin_master_agent" File: C:/Users/nipuna1/Documents/EE109/Final Project Files/nios_system/synthesis/nios_system.v Line: 7339
Error (12006): Node instance "videoconferencing_dma_0_avalon_master_2_translator_avalon_universal_master_0_agent" instantiates undefined entity "altera_merlin_master_agent" File: C:/Users/nipuna1/Documents/EE109/Final Project Files/nios_system/synthesis/nios_system.v Line: 7419
Error (12006): Node instance "videoconferencing_dma_0_avalon_master_translator_avalon_universal_master_0_agent" instantiates undefined entity "altera_merlin_master_agent" File: C:/Users/nipuna1/Documents/EE109/Final Project Files/nios_system/synthesis/nios_system.v Line: 7499
Error (12006): Node instance "cpu_jtag_debug_module_translator_avalon_universal_slave_0_agent" instantiates undefined entity "altera_merlin_slave_agent" File: C:/Users/nipuna1/Documents/EE109/Final Project Files/nios_system/synthesis/nios_system.v Line: 7580
Error (12006): Node instance "cpu_jtag_debug_module_translator_avalon_universal_slave_0_agent_rsp_fifo" instantiates undefined entity "altera_avalon_sc_fifo" File: C:/Users/nipuna1/Documents/EE109/Final Project Files/nios_system/synthesis/nios_system.v Line: 7621
Error (12006): Node instance "sdram_s1_translator_avalon_universal_slave_0_agent" instantiates undefined entity "altera_merlin_slave_agent" File: C:/Users/nipuna1/Documents/EE109/Final Project Files/nios_system/synthesis/nios_system.v Line: 7702
Error (12006): Node instance "sdram_s1_translator_avalon_universal_slave_0_agent_rsp_fifo" instantiates undefined entity "altera_avalon_sc_fifo" File: C:/Users/nipuna1/Documents/EE109/Final Project Files/nios_system/synthesis/nios_system.v Line: 7743
Error (12006): Node instance "jtag_uart_avalon_jtag_slave_translator_avalon_universal_slave_0_agent" instantiates undefined entity "altera_merlin_slave_agent" File: C:/Users/nipuna1/Documents/EE109/Final Project Files/nios_system/synthesis/nios_system.v Line: 7824
Error (12006): Node instance "jtag_uart_avalon_jtag_slave_translator_avalon_universal_slave_0_agent_rsp_fifo" instantiates undefined entity "altera_avalon_sc_fifo" File: C:/Users/nipuna1/Documents/EE109/Final Project Files/nios_system/synthesis/nios_system.v Line: 7865
Error (12006): Node instance "interval_timer_s1_translator_avalon_universal_slave_0_agent" instantiates undefined entity "altera_merlin_slave_agent" File: C:/Users/nipuna1/Documents/EE109/Final Project Files/nios_system/synthesis/nios_system.v Line: 7946
Error (12006): Node instance "interval_timer_s1_translator_avalon_universal_slave_0_agent_rsp_fifo" instantiates undefined entity "altera_avalon_sc_fifo" File: C:/Users/nipuna1/Documents/EE109/Final Project Files/nios_system/synthesis/nios_system.v Line: 7987
Error (12006): Node instance "sysid_control_slave_translator_avalon_universal_slave_0_agent" instantiates undefined entity "altera_merlin_slave_agent" File: C:/Users/nipuna1/Documents/EE109/Final Project Files/nios_system/synthesis/nios_system.v Line: 8068
Error (12006): Node instance "sysid_control_slave_translator_avalon_universal_slave_0_agent_rsp_fifo" instantiates undefined entity "altera_avalon_sc_fifo" File: C:/Users/nipuna1/Documents/EE109/Final Project Files/nios_system/synthesis/nios_system.v Line: 8109
Error (12006): Node instance "red_leds_avalon_parallel_port_slave_translator_avalon_universal_slave_0_agent" instantiates undefined entity "altera_merlin_slave_agent" File: C:/Users/nipuna1/Documents/EE109/Final Project Files/nios_system/synthesis/nios_system.v Line: 8190
Error (12006): Node instance "red_leds_avalon_parallel_port_slave_translator_avalon_universal_slave_0_agent_rsp_fifo" instantiates undefined entity "altera_avalon_sc_fifo" File: C:/Users/nipuna1/Documents/EE109/Final Project Files/nios_system/synthesis/nios_system.v Line: 8231
Error (12006): Node instance "green_leds_avalon_parallel_port_slave_translator_avalon_universal_slave_0_agent" instantiates undefined entity "altera_merlin_slave_agent" File: C:/Users/nipuna1/Documents/EE109/Final Project Files/nios_system/synthesis/nios_system.v Line: 8312
Error (12006): Node instance "green_leds_avalon_parallel_port_slave_translator_avalon_universal_slave_0_agent_rsp_fifo" instantiates undefined entity "altera_avalon_sc_fifo" File: C:/Users/nipuna1/Documents/EE109/Final Project Files/nios_system/synthesis/nios_system.v Line: 8353
Error (12006): Node instance "hex3_hex0_avalon_parallel_port_slave_translator_avalon_universal_slave_0_agent" instantiates undefined entity "altera_merlin_slave_agent" File: C:/Users/nipuna1/Documents/EE109/Final Project Files/nios_system/synthesis/nios_system.v Line: 8434
Error (12006): Node instance "hex3_hex0_avalon_parallel_port_slave_translator_avalon_universal_slave_0_agent_rsp_fifo" instantiates undefined entity "altera_avalon_sc_fifo" File: C:/Users/nipuna1/Documents/EE109/Final Project Files/nios_system/synthesis/nios_system.v Line: 8475
Error (12006): Node instance "hex7_hex4_avalon_parallel_port_slave_translator_avalon_universal_slave_0_agent" instantiates undefined entity "altera_merlin_slave_agent" File: C:/Users/nipuna1/Documents/EE109/Final Project Files/nios_system/synthesis/nios_system.v Line: 8556
Error (12006): Node instance "hex7_hex4_avalon_parallel_port_slave_translator_avalon_universal_slave_0_agent_rsp_fifo" instantiates undefined entity "altera_avalon_sc_fifo" File: C:/Users/nipuna1/Documents/EE109/Final Project Files/nios_system/synthesis/nios_system.v Line: 8597
Error (12006): Node instance "slider_switches_avalon_parallel_port_slave_translator_avalon_universal_slave_0_agent" instantiates undefined entity "altera_merlin_slave_agent" File: C:/Users/nipuna1/Documents/EE109/Final Project Files/nios_system/synthesis/nios_system.v Line: 8678
Error (12006): Node instance "slider_switches_avalon_parallel_port_slave_translator_avalon_universal_slave_0_agent_rsp_fifo" instantiates undefined entity "altera_avalon_sc_fifo" File: C:/Users/nipuna1/Documents/EE109/Final Project Files/nios_system/synthesis/nios_system.v Line: 8719
Error (12006): Node instance "pushbuttons_avalon_parallel_port_slave_translator_avalon_universal_slave_0_agent" instantiates undefined entity "altera_merlin_slave_agent" File: C:/Users/nipuna1/Documents/EE109/Final Project Files/nios_system/synthesis/nios_system.v Line: 8800
Error (12006): Node instance "pushbuttons_avalon_parallel_port_slave_translator_avalon_universal_slave_0_agent_rsp_fifo" instantiates undefined entity "altera_avalon_sc_fifo" File: C:/Users/nipuna1/Documents/EE109/Final Project Files/nios_system/synthesis/nios_system.v Line: 8841
Error (12006): Node instance "expansion_jp5_avalon_parallel_port_slave_translator_avalon_universal_slave_0_agent" instantiates undefined entity "altera_merlin_slave_agent" File: C:/Users/nipuna1/Documents/EE109/Final Project Files/nios_system/synthesis/nios_system.v Line: 8922
Error (12006): Node instance "expansion_jp5_avalon_parallel_port_slave_translator_avalon_universal_slave_0_agent_rsp_fifo" instantiates undefined entity "altera_avalon_sc_fifo" File: C:/Users/nipuna1/Documents/EE109/Final Project Files/nios_system/synthesis/nios_system.v Line: 8963
Error (12006): Node instance "serial_port_avalon_rs232_slave_translator_avalon_universal_slave_0_agent" instantiates undefined entity "altera_merlin_slave_agent" File: C:/Users/nipuna1/Documents/EE109/Final Project Files/nios_system/synthesis/nios_system.v Line: 9044
Error (12006): Node instance "serial_port_avalon_rs232_slave_translator_avalon_universal_slave_0_agent_rsp_fifo" instantiates undefined entity "altera_avalon_sc_fifo" File: C:/Users/nipuna1/Documents/EE109/Final Project Files/nios_system/synthesis/nios_system.v Line: 9085
Error (12006): Node instance "char_lcd_16x2_avalon_lcd_slave_translator_avalon_universal_slave_0_agent" instantiates undefined entity "altera_merlin_slave_agent" File: C:/Users/nipuna1/Documents/EE109/Final Project Files/nios_system/synthesis/nios_system.v Line: 9166
Error (12006): Node instance "char_lcd_16x2_avalon_lcd_slave_translator_avalon_universal_slave_0_agent_rsp_fifo" instantiates undefined entity "altera_avalon_sc_fifo" File: C:/Users/nipuna1/Documents/EE109/Final Project Files/nios_system/synthesis/nios_system.v Line: 9207
Error (12006): Node instance "ps2_port_avalon_ps2_slave_translator_avalon_universal_slave_0_agent" instantiates undefined entity "altera_merlin_slave_agent" File: C:/Users/nipuna1/Documents/EE109/Final Project Files/nios_system/synthesis/nios_system.v Line: 9288
Error (12006): Node instance "ps2_port_avalon_ps2_slave_translator_avalon_universal_slave_0_agent_rsp_fifo" instantiates undefined entity "altera_avalon_sc_fifo" File: C:/Users/nipuna1/Documents/EE109/Final Project Files/nios_system/synthesis/nios_system.v Line: 9329
Error (12006): Node instance "sram_avalon_sram_slave_translator_avalon_universal_slave_0_agent" instantiates undefined entity "altera_merlin_slave_agent" File: C:/Users/nipuna1/Documents/EE109/Final Project Files/nios_system/synthesis/nios_system.v Line: 9410
Error (12006): Node instance "sram_avalon_sram_slave_translator_avalon_universal_slave_0_agent_rsp_fifo" instantiates undefined entity "altera_avalon_sc_fifo" File: C:/Users/nipuna1/Documents/EE109/Final Project Files/nios_system/synthesis/nios_system.v Line: 9451
Error (12006): Node instance "sram_avalon_sram_slave_translator_avalon_universal_slave_0_agent_rdata_fifo" instantiates undefined entity "altera_avalon_sc_fifo" File: C:/Users/nipuna1/Documents/EE109/Final Project Files/nios_system/synthesis/nios_system.v Line: 9492
Error (12006): Node instance "vga_char_buffer_avalon_char_control_slave_translator_avalon_universal_slave_0_agent" instantiates undefined entity "altera_merlin_slave_agent" File: C:/Users/nipuna1/Documents/EE109/Final Project Files/nios_system/synthesis/nios_system.v Line: 9573
Error (12006): Node instance "vga_char_buffer_avalon_char_control_slave_translator_avalon_universal_slave_0_agent_rsp_fifo" instantiates undefined entity "altera_avalon_sc_fifo" File: C:/Users/nipuna1/Documents/EE109/Final Project Files/nios_system/synthesis/nios_system.v Line: 9614
Error (12006): Node instance "vga_char_buffer_avalon_char_buffer_slave_translator_avalon_universal_slave_0_agent" instantiates undefined entity "altera_merlin_slave_agent" File: C:/Users/nipuna1/Documents/EE109/Final Project Files/nios_system/synthesis/nios_system.v Line: 9695
Error (12006): Node instance "vga_char_buffer_avalon_char_buffer_slave_translator_avalon_universal_slave_0_agent_rsp_fifo" instantiates undefined entity "altera_avalon_sc_fifo" File: C:/Users/nipuna1/Documents/EE109/Final Project Files/nios_system/synthesis/nios_system.v Line: 9736
Error (12006): Node instance "onboard_av_avalon_av_config_slave_translator_avalon_universal_slave_0_agent" instantiates undefined entity "altera_merlin_slave_agent" File: C:/Users/nipuna1/Documents/EE109/Final Project Files/nios_system/synthesis/nios_system.v Line: 9817
Error (12006): Node instance "onboard_av_avalon_av_config_slave_translator_avalon_universal_slave_0_agent_rsp_fifo" instantiates undefined entity "altera_avalon_sc_fifo" File: C:/Users/nipuna1/Documents/EE109/Final Project Files/nios_system/synthesis/nios_system.v Line: 9858
Error (12006): Node instance "ps2_port_dual_avalon_ps2_slave_translator_avalon_universal_slave_0_agent" instantiates undefined entity "altera_merlin_slave_agent" File: C:/Users/nipuna1/Documents/EE109/Final Project Files/nios_system/synthesis/nios_system.v Line: 9939
Error (12006): Node instance "ps2_port_dual_avalon_ps2_slave_translator_avalon_universal_slave_0_agent_rsp_fifo" instantiates undefined entity "altera_avalon_sc_fifo" File: C:/Users/nipuna1/Documents/EE109/Final Project Files/nios_system/synthesis/nios_system.v Line: 9980
Error (12006): Node instance "audio_avalon_audio_slave_translator_avalon_universal_slave_0_agent" instantiates undefined entity "altera_merlin_slave_agent" File: C:/Users/nipuna1/Documents/EE109/Final Project Files/nios_system/synthesis/nios_system.v Line: 10061
Error (12006): Node instance "audio_avalon_audio_slave_translator_avalon_universal_slave_0_agent_rsp_fifo" instantiates undefined entity "altera_avalon_sc_fifo" File: C:/Users/nipuna1/Documents/EE109/Final Project Files/nios_system/synthesis/nios_system.v Line: 10102
Error (12006): Node instance "irda_avalon_irda_slave_translator_avalon_universal_slave_0_agent" instantiates undefined entity "altera_merlin_slave_agent" File: C:/Users/nipuna1/Documents/EE109/Final Project Files/nios_system/synthesis/nios_system.v Line: 10183
Error (12006): Node instance "irda_avalon_irda_slave_translator_avalon_universal_slave_0_agent_rsp_fifo" instantiates undefined entity "altera_avalon_sc_fifo" File: C:/Users/nipuna1/Documents/EE109/Final Project Files/nios_system/synthesis/nios_system.v Line: 10224
Error (12006): Node instance "video_in_dma_controller_avalon_dma_control_slave_translator_avalon_universal_slave_0_agent" instantiates undefined entity "altera_merlin_slave_agent" File: C:/Users/nipuna1/Documents/EE109/Final Project Files/nios_system/synthesis/nios_system.v Line: 10305
Error (12006): Node instance "video_in_dma_controller_avalon_dma_control_slave_translator_avalon_universal_slave_0_agent_rsp_fifo" instantiates undefined entity "altera_avalon_sc_fifo" File: C:/Users/nipuna1/Documents/EE109/Final Project Files/nios_system/synthesis/nios_system.v Line: 10346
Error (12006): Node instance "camera_dma_controller_avalon_dma_control_slave_translator_avalon_universal_slave_0_agent" instantiates undefined entity "altera_merlin_slave_agent" File: C:/Users/nipuna1/Documents/EE109/Final Project Files/nios_system/synthesis/nios_system.v Line: 10427
Error (12006): Node instance "camera_dma_controller_avalon_dma_control_slave_translator_avalon_universal_slave_0_agent_rsp_fifo" instantiates undefined entity "altera_avalon_sc_fifo" File: C:/Users/nipuna1/Documents/EE109/Final Project Files/nios_system/synthesis/nios_system.v Line: 10468
Error (12006): Node instance "camera_config_avalon_av_config_slave_translator_avalon_universal_slave_0_agent" instantiates undefined entity "altera_merlin_slave_agent" File: C:/Users/nipuna1/Documents/EE109/Final Project Files/nios_system/synthesis/nios_system.v Line: 10549
Error (12006): Node instance "camera_config_avalon_av_config_slave_translator_avalon_universal_slave_0_agent_rsp_fifo" instantiates undefined entity "altera_avalon_sc_fifo" File: C:/Users/nipuna1/Documents/EE109/Final Project Files/nios_system/synthesis/nios_system.v Line: 10590
Error (12006): Node instance "accelerometer_avalon_accelerometer_spi_mode_slave_translator_avalon_universal_slave_0_agent" instantiates undefined entity "altera_merlin_slave_agent" File: C:/Users/nipuna1/Documents/EE109/Final Project Files/nios_system/synthesis/nios_system.v Line: 10671
Error (12006): Node instance "accelerometer_avalon_accelerometer_spi_mode_slave_translator_avalon_universal_slave_0_agent_rsp_fifo" instantiates undefined entity "altera_avalon_sc_fifo" File: C:/Users/nipuna1/Documents/EE109/Final Project Files/nios_system/synthesis/nios_system.v Line: 10712
Error (12006): Node instance "usb_avalon_usb_slave_translator_avalon_universal_slave_0_agent" instantiates undefined entity "altera_merlin_slave_agent" File: C:/Users/nipuna1/Documents/EE109/Final Project Files/nios_system/synthesis/nios_system.v Line: 10793
Error (12006): Node instance "usb_avalon_usb_slave_translator_avalon_universal_slave_0_agent_rsp_fifo" instantiates undefined entity "altera_avalon_sc_fifo" File: C:/Users/nipuna1/Documents/EE109/Final Project Files/nios_system/synthesis/nios_system.v Line: 10834
Error (12006): Node instance "lcd_char_buffer_avalon_char_control_slave_translator_avalon_universal_slave_0_agent" instantiates undefined entity "altera_merlin_slave_agent" File: C:/Users/nipuna1/Documents/EE109/Final Project Files/nios_system/synthesis/nios_system.v Line: 10915
Error (12006): Node instance "lcd_char_buffer_avalon_char_control_slave_translator_avalon_universal_slave_0_agent_rsp_fifo" instantiates undefined entity "altera_avalon_sc_fifo" File: C:/Users/nipuna1/Documents/EE109/Final Project Files/nios_system/synthesis/nios_system.v Line: 10956
Error (12006): Node instance "lcd_char_buffer_avalon_char_buffer_slave_translator_avalon_universal_slave_0_agent" instantiates undefined entity "altera_merlin_slave_agent" File: C:/Users/nipuna1/Documents/EE109/Final Project Files/nios_system/synthesis/nios_system.v Line: 11037
Error (12006): Node instance "lcd_char_buffer_avalon_char_buffer_slave_translator_avalon_universal_slave_0_agent_rsp_fifo" instantiates undefined entity "altera_avalon_sc_fifo" File: C:/Users/nipuna1/Documents/EE109/Final Project Files/nios_system/synthesis/nios_system.v Line: 11078
Error (12006): Node instance "enet_control_port_translator_avalon_universal_slave_0_agent" instantiates undefined entity "altera_merlin_slave_agent" File: C:/Users/nipuna1/Documents/EE109/Final Project Files/nios_system/synthesis/nios_system.v Line: 11159
Error (12006): Node instance "enet_control_port_translator_avalon_universal_slave_0_agent_rsp_fifo" instantiates undefined entity "altera_avalon_sc_fifo" File: C:/Users/nipuna1/Documents/EE109/Final Project Files/nios_system/synthesis/nios_system.v Line: 11200
Error (12006): Node instance "packet_memory_s1_translator_avalon_universal_slave_0_agent" instantiates undefined entity "altera_merlin_slave_agent" File: C:/Users/nipuna1/Documents/EE109/Final Project Files/nios_system/synthesis/nios_system.v Line: 11281
Error (12006): Node instance "packet_memory_s1_translator_avalon_universal_slave_0_agent_rsp_fifo" instantiates undefined entity "altera_avalon_sc_fifo" File: C:/Users/nipuna1/Documents/EE109/Final Project Files/nios_system/synthesis/nios_system.v Line: 11322
Error (12006): Node instance "descriptor_memory_s1_translator_avalon_universal_slave_0_agent" instantiates undefined entity "altera_merlin_slave_agent" File: C:/Users/nipuna1/Documents/EE109/Final Project Files/nios_system/synthesis/nios_system.v Line: 11403
Error (12006): Node instance "descriptor_memory_s1_translator_avalon_universal_slave_0_agent_rsp_fifo" instantiates undefined entity "altera_avalon_sc_fifo" File: C:/Users/nipuna1/Documents/EE109/Final Project Files/nios_system/synthesis/nios_system.v Line: 11444
Error (12006): Node instance "lcd_dma_controller_avalon_dma_control_slave_translator_avalon_universal_slave_0_agent" instantiates undefined entity "altera_merlin_slave_agent" File: C:/Users/nipuna1/Documents/EE109/Final Project Files/nios_system/synthesis/nios_system.v Line: 11525
Error (12006): Node instance "lcd_dma_controller_avalon_dma_control_slave_translator_avalon_universal_slave_0_agent_rsp_fifo" instantiates undefined entity "altera_avalon_sc_fifo" File: C:/Users/nipuna1/Documents/EE109/Final Project Files/nios_system/synthesis/nios_system.v Line: 11566
Error (12006): Node instance "vga_dma_controller_avalon_dma_control_slave_translator_avalon_universal_slave_0_agent" instantiates undefined entity "altera_merlin_slave_agent" File: C:/Users/nipuna1/Documents/EE109/Final Project Files/nios_system/synthesis/nios_system.v Line: 11647
Error (12006): Node instance "vga_dma_controller_avalon_dma_control_slave_translator_avalon_universal_slave_0_agent_rsp_fifo" instantiates undefined entity "altera_avalon_sc_fifo" File: C:/Users/nipuna1/Documents/EE109/Final Project Files/nios_system/synthesis/nios_system.v Line: 11688
Error (12006): Node instance "videoconferencing_dma_0_avalon_slave_translator_avalon_universal_slave_0_agent" instantiates undefined entity "altera_merlin_slave_agent" File: C:/Users/nipuna1/Documents/EE109/Final Project Files/nios_system/synthesis/nios_system.v Line: 11769
Error (12006): Node instance "videoconferencing_dma_0_avalon_slave_translator_avalon_universal_slave_0_agent_rsp_fifo" instantiates undefined entity "altera_avalon_sc_fifo" File: C:/Users/nipuna1/Documents/EE109/Final Project Files/nios_system/synthesis/nios_system.v Line: 11810
Error (12006): Node instance "addr_router" instantiates undefined entity "nios_system_addr_router" File: C:/Users/nipuna1/Documents/EE109/Final Project Files/nios_system/synthesis/nios_system.v Line: 11826
Error (12006): Node instance "addr_router_001" instantiates undefined entity "nios_system_addr_router_001" File: C:/Users/nipuna1/Documents/EE109/Final Project Files/nios_system/synthesis/nios_system.v Line: 11842
Error (12006): Node instance "addr_router_002" instantiates undefined entity "nios_system_addr_router_002" File: C:/Users/nipuna1/Documents/EE109/Final Project Files/nios_system/synthesis/nios_system.v Line: 11858
Error (12006): Node instance "addr_router_003" instantiates undefined entity "nios_system_addr_router_003" File: C:/Users/nipuna1/Documents/EE109/Final Project Files/nios_system/synthesis/nios_system.v Line: 11874
Error (12006): Node instance "addr_router_004" instantiates undefined entity "nios_system_addr_router_003" File: C:/Users/nipuna1/Documents/EE109/Final Project Files/nios_system/synthesis/nios_system.v Line: 11890
Error (12006): Node instance "addr_router_005" instantiates undefined entity "nios_system_addr_router_003" File: C:/Users/nipuna1/Documents/EE109/Final Project Files/nios_system/synthesis/nios_system.v Line: 11906
Error (12006): Node instance "addr_router_006" instantiates undefined entity "nios_system_addr_router_003" File: C:/Users/nipuna1/Documents/EE109/Final Project Files/nios_system/synthesis/nios_system.v Line: 11922
Error (12006): Node instance "addr_router_007" instantiates undefined entity "nios_system_addr_router_003" File: C:/Users/nipuna1/Documents/EE109/Final Project Files/nios_system/synthesis/nios_system.v Line: 11938
Error (12006): Node instance "addr_router_008" instantiates undefined entity "nios_system_addr_router_008" File: C:/Users/nipuna1/Documents/EE109/Final Project Files/nios_system/synthesis/nios_system.v Line: 11954
Error (12006): Node instance "id_router" instantiates undefined entity "nios_system_id_router" File: C:/Users/nipuna1/Documents/EE109/Final Project Files/nios_system/synthesis/nios_system.v Line: 11970
Error (12006): Node instance "id_router_001" instantiates undefined entity "nios_system_id_router_001" File: C:/Users/nipuna1/Documents/EE109/Final Project Files/nios_system/synthesis/nios_system.v Line: 11986
Error (12006): Node instance "id_router_002" instantiates undefined entity "nios_system_id_router_002" File: C:/Users/nipuna1/Documents/EE109/Final Project Files/nios_system/synthesis/nios_system.v Line: 12002
Error (12006): Node instance "id_router_003" instantiates undefined entity "nios_system_id_router_002" File: C:/Users/nipuna1/Documents/EE109/Final Project Files/nios_system/synthesis/nios_system.v Line: 12018
Error (12006): Node instance "id_router_004" instantiates undefined entity "nios_system_id_router_002" File: C:/Users/nipuna1/Documents/EE109/Final Project Files/nios_system/synthesis/nios_system.v Line: 12034
Error (12006): Node instance "id_router_005" instantiates undefined entity "nios_system_id_router_002" File: C:/Users/nipuna1/Documents/EE109/Final Project Files/nios_system/synthesis/nios_system.v Line: 12050
Error (12006): Node instance "id_router_006" instantiates undefined entity "nios_system_id_router_002" File: C:/Users/nipuna1/Documents/EE109/Final Project Files/nios_system/synthesis/nios_system.v Line: 12066
Error (12006): Node instance "id_router_007" instantiates undefined entity "nios_system_id_router_002" File: C:/Users/nipuna1/Documents/EE109/Final Project Files/nios_system/synthesis/nios_system.v Line: 12082
Error (12006): Node instance "id_router_008" instantiates undefined entity "nios_system_id_router_002" File: C:/Users/nipuna1/Documents/EE109/Final Project Files/nios_system/synthesis/nios_system.v Line: 12098
Error (12006): Node instance "id_router_009" instantiates undefined entity "nios_system_id_router_002" File: C:/Users/nipuna1/Documents/EE109/Final Project Files/nios_system/synthesis/nios_system.v Line: 12114
Error (12006): Node instance "id_router_010" instantiates undefined entity "nios_system_id_router_002" File: C:/Users/nipuna1/Documents/EE109/Final Project Files/nios_system/synthesis/nios_system.v Line: 12130
Error (12006): Node instance "id_router_011" instantiates undefined entity "nios_system_id_router_002" File: C:/Users/nipuna1/Documents/EE109/Final Project Files/nios_system/synthesis/nios_system.v Line: 12146
Error (12006): Node instance "id_router_012" instantiates undefined entity "nios_system_id_router_002" File: C:/Users/nipuna1/Documents/EE109/Final Project Files/nios_system/synthesis/nios_system.v Line: 12162
Error (12006): Node instance "id_router_013" instantiates undefined entity "nios_system_id_router_013" File: C:/Users/nipuna1/Documents/EE109/Final Project Files/nios_system/synthesis/nios_system.v Line: 12178
Error (12006): Node instance "id_router_014" instantiates undefined entity "nios_system_id_router_002" File: C:/Users/nipuna1/Documents/EE109/Final Project Files/nios_system/synthesis/nios_system.v Line: 12194
Error (12006): Node instance "id_router_015" instantiates undefined entity "nios_system_id_router_015" File: C:/Users/nipuna1/Documents/EE109/Final Project Files/nios_system/synthesis/nios_system.v Line: 12210
Error (12006): Node instance "id_router_016" instantiates undefined entity "nios_system_id_router_002" File: C:/Users/nipuna1/Documents/EE109/Final Project Files/nios_system/synthesis/nios_system.v Line: 12226
Error (12006): Node instance "id_router_017" instantiates undefined entity "nios_system_id_router_013" File: C:/Users/nipuna1/Documents/EE109/Final Project Files/nios_system/synthesis/nios_system.v Line: 12242
Error (12006): Node instance "id_router_018" instantiates undefined entity "nios_system_id_router_002" File: C:/Users/nipuna1/Documents/EE109/Final Project Files/nios_system/synthesis/nios_system.v Line: 12258
Error (12006): Node instance "id_router_019" instantiates undefined entity "nios_system_id_router_002" File: C:/Users/nipuna1/Documents/EE109/Final Project Files/nios_system/synthesis/nios_system.v Line: 12274
Error (12006): Node instance "id_router_020" instantiates undefined entity "nios_system_id_router_020" File: C:/Users/nipuna1/Documents/EE109/Final Project Files/nios_system/synthesis/nios_system.v Line: 12290
Error (12006): Node instance "id_router_021" instantiates undefined entity "nios_system_id_router_002" File: C:/Users/nipuna1/Documents/EE109/Final Project Files/nios_system/synthesis/nios_system.v Line: 12306
Error (12006): Node instance "id_router_022" instantiates undefined entity "nios_system_id_router_002" File: C:/Users/nipuna1/Documents/EE109/Final Project Files/nios_system/synthesis/nios_system.v Line: 12322
Error (12006): Node instance "id_router_023" instantiates undefined entity "nios_system_id_router_002" File: C:/Users/nipuna1/Documents/EE109/Final Project Files/nios_system/synthesis/nios_system.v Line: 12338
Error (12006): Node instance "id_router_024" instantiates undefined entity "nios_system_id_router_002" File: C:/Users/nipuna1/Documents/EE109/Final Project Files/nios_system/synthesis/nios_system.v Line: 12354
Error (12006): Node instance "id_router_025" instantiates undefined entity "nios_system_id_router_013" File: C:/Users/nipuna1/Documents/EE109/Final Project Files/nios_system/synthesis/nios_system.v Line: 12370
Error (12006): Node instance "id_router_026" instantiates undefined entity "nios_system_id_router_002" File: C:/Users/nipuna1/Documents/EE109/Final Project Files/nios_system/synthesis/nios_system.v Line: 12386
Error (12006): Node instance "id_router_027" instantiates undefined entity "nios_system_id_router_002" File: C:/Users/nipuna1/Documents/EE109/Final Project Files/nios_system/synthesis/nios_system.v Line: 12402
Error (12006): Node instance "id_router_028" instantiates undefined entity "nios_system_id_router_013" File: C:/Users/nipuna1/Documents/EE109/Final Project Files/nios_system/synthesis/nios_system.v Line: 12418
Error (12006): Node instance "id_router_029" instantiates undefined entity "nios_system_id_router_002" File: C:/Users/nipuna1/Documents/EE109/Final Project Files/nios_system/synthesis/nios_system.v Line: 12434
Error (12006): Node instance "id_router_030" instantiates undefined entity "nios_system_id_router_002" File: C:/Users/nipuna1/Documents/EE109/Final Project Files/nios_system/synthesis/nios_system.v Line: 12450
Error (12006): Node instance "id_router_031" instantiates undefined entity "nios_system_id_router_002" File: C:/Users/nipuna1/Documents/EE109/Final Project Files/nios_system/synthesis/nios_system.v Line: 12466
Error (12006): Node instance "id_router_032" instantiates undefined entity "nios_system_id_router_002" File: C:/Users/nipuna1/Documents/EE109/Final Project Files/nios_system/synthesis/nios_system.v Line: 12482
Error (12006): Node instance "id_router_033" instantiates undefined entity "nios_system_id_router_002" File: C:/Users/nipuna1/Documents/EE109/Final Project Files/nios_system/synthesis/nios_system.v Line: 12498
Error (12006): Node instance "id_router_034" instantiates undefined entity "nios_system_id_router_002" File: C:/Users/nipuna1/Documents/EE109/Final Project Files/nios_system/synthesis/nios_system.v Line: 12514
Error (12006): Node instance "limiter" instantiates undefined entity "altera_merlin_traffic_limiter" File: C:/Users/nipuna1/Documents/EE109/Final Project Files/nios_system/synthesis/nios_system.v Line: 12559
Error (12006): Node instance "burst_adapter" instantiates undefined entity "altera_merlin_burst_adapter" File: C:/Users/nipuna1/Documents/EE109/Final Project Files/nios_system/synthesis/nios_system.v Line: 12607
Error (12006): Node instance "burst_adapter_001" instantiates undefined entity "altera_merlin_burst_adapter" File: C:/Users/nipuna1/Documents/EE109/Final Project Files/nios_system/synthesis/nios_system.v Line: 12655
Error (12006): Node instance "burst_adapter_002" instantiates undefined entity "altera_merlin_burst_adapter" File: C:/Users/nipuna1/Documents/EE109/Final Project Files/nios_system/synthesis/nios_system.v Line: 12703
Error (12006): Node instance "burst_adapter_003" instantiates undefined entity "altera_merlin_burst_adapter" File: C:/Users/nipuna1/Documents/EE109/Final Project Files/nios_system/synthesis/nios_system.v Line: 12751
Error (12006): Node instance "burst_adapter_004" instantiates undefined entity "altera_merlin_burst_adapter" File: C:/Users/nipuna1/Documents/EE109/Final Project Files/nios_system/synthesis/nios_system.v Line: 12799
Error (12006): Node instance "rst_controller" instantiates undefined entity "altera_reset_controller" File: C:/Users/nipuna1/Documents/EE109/Final Project Files/nios_system/synthesis/nios_system.v Line: 12826
Error (12006): Node instance "rst_controller_001" instantiates undefined entity "altera_reset_controller" File: C:/Users/nipuna1/Documents/EE109/Final Project Files/nios_system/synthesis/nios_system.v Line: 12853
Error (12006): Node instance "rst_controller_002" instantiates undefined entity "altera_reset_controller" File: C:/Users/nipuna1/Documents/EE109/Final Project Files/nios_system/synthesis/nios_system.v Line: 12880
Error (12006): Node instance "rst_controller_003" instantiates undefined entity "altera_reset_controller" File: C:/Users/nipuna1/Documents/EE109/Final Project Files/nios_system/synthesis/nios_system.v Line: 12907
Error (12006): Node instance "rst_controller_004" instantiates undefined entity "altera_reset_controller" File: C:/Users/nipuna1/Documents/EE109/Final Project Files/nios_system/synthesis/nios_system.v Line: 12934
Error (12006): Node instance "rst_controller_005" instantiates undefined entity "altera_reset_controller" File: C:/Users/nipuna1/Documents/EE109/Final Project Files/nios_system/synthesis/nios_system.v Line: 12961
Error (12006): Node instance "rst_controller_006" instantiates undefined entity "altera_reset_controller" File: C:/Users/nipuna1/Documents/EE109/Final Project Files/nios_system/synthesis/nios_system.v Line: 12988
Error (12006): Node instance "cmd_xbar_demux" instantiates undefined entity "nios_system_cmd_xbar_demux" File: C:/Users/nipuna1/Documents/EE109/Final Project Files/nios_system/synthesis/nios_system.v Line: 13011
Error (12006): Node instance "cmd_xbar_demux_001" instantiates undefined entity "nios_system_cmd_xbar_demux_001" File: C:/Users/nipuna1/Documents/EE109/Final Project Files/nios_system/synthesis/nios_system.v Line: 13232
Error (12006): Node instance "cmd_xbar_demux_002" instantiates undefined entity "nios_system_cmd_xbar_demux_002" File: C:/Users/nipuna1/Documents/EE109/Final Project Files/nios_system/synthesis/nios_system.v Line: 13249
Error (12006): Node instance "cmd_xbar_demux_003" instantiates undefined entity "nios_system_cmd_xbar_demux_003" File: C:/Users/nipuna1/Documents/EE109/Final Project Files/nios_system/synthesis/nios_system.v Line: 13266
Error (12006): Node instance "cmd_xbar_demux_004" instantiates undefined entity "nios_system_cmd_xbar_demux_003" File: C:/Users/nipuna1/Documents/EE109/Final Project Files/nios_system/synthesis/nios_system.v Line: 13283
Error (12006): Node instance "cmd_xbar_demux_005" instantiates undefined entity "nios_system_cmd_xbar_demux_003" File: C:/Users/nipuna1/Documents/EE109/Final Project Files/nios_system/synthesis/nios_system.v Line: 13300
Error (12006): Node instance "cmd_xbar_demux_006" instantiates undefined entity "nios_system_cmd_xbar_demux_003" File: C:/Users/nipuna1/Documents/EE109/Final Project Files/nios_system/synthesis/nios_system.v Line: 13317
Error (12006): Node instance "cmd_xbar_demux_007" instantiates undefined entity "nios_system_cmd_xbar_demux_003" File: C:/Users/nipuna1/Documents/EE109/Final Project Files/nios_system/synthesis/nios_system.v Line: 13334
Error (12006): Node instance "cmd_xbar_demux_008" instantiates undefined entity "nios_system_cmd_xbar_demux_003" File: C:/Users/nipuna1/Documents/EE109/Final Project Files/nios_system/synthesis/nios_system.v Line: 13351
Error (12006): Node instance "cmd_xbar_mux" instantiates undefined entity "nios_system_cmd_xbar_mux" File: C:/Users/nipuna1/Documents/EE109/Final Project Files/nios_system/synthesis/nios_system.v Line: 13374
Error (12006): Node instance "cmd_xbar_mux_001" instantiates undefined entity "nios_system_cmd_xbar_mux_001" File: C:/Users/nipuna1/Documents/EE109/Final Project Files/nios_system/synthesis/nios_system.v Line: 13403
Error (12006): Node instance "cmd_xbar_mux_015" instantiates undefined entity "nios_system_cmd_xbar_mux_015" File: C:/Users/nipuna1/Documents/EE109/Final Project Files/nios_system/synthesis/nios_system.v Line: 13450
Error (12006): Node instance "cmd_xbar_mux_020" instantiates undefined entity "nios_system_cmd_xbar_mux" File: C:/Users/nipuna1/Documents/EE109/Final Project Files/nios_system/synthesis/nios_system.v Line: 13473
Error (12006): Node instance "rsp_xbar_demux" instantiates undefined entity "nios_system_rsp_xbar_demux" File: C:/Users/nipuna1/Documents/EE109/Final Project Files/nios_system/synthesis/nios_system.v Line: 13496
Error (12006): Node instance "rsp_xbar_demux_001" instantiates undefined entity "nios_system_rsp_xbar_demux_001" File: C:/Users/nipuna1/Documents/EE109/Final Project Files/nios_system/synthesis/nios_system.v Line: 13525
Error (12006): Node instance "rsp_xbar_demux_002" instantiates undefined entity "nios_system_cmd_xbar_demux_002" File: C:/Users/nipuna1/Documents/EE109/Final Project Files/nios_system/synthesis/nios_system.v Line: 13542
Error (12006): Node instance "rsp_xbar_demux_003" instantiates undefined entity "nios_system_cmd_xbar_demux_002" File: C:/Users/nipuna1/Documents/EE109/Final Project Files/nios_system/synthesis/nios_system.v Line: 13559
Error (12006): Node instance "rsp_xbar_demux_004" instantiates undefined entity "nios_system_cmd_xbar_demux_002" File: C:/Users/nipuna1/Documents/EE109/Final Project Files/nios_system/synthesis/nios_system.v Line: 13576
Error (12006): Node instance "rsp_xbar_demux_005" instantiates undefined entity "nios_system_cmd_xbar_demux_002" File: C:/Users/nipuna1/Documents/EE109/Final Project Files/nios_system/synthesis/nios_system.v Line: 13593
Error (12006): Node instance "rsp_xbar_demux_006" instantiates undefined entity "nios_system_cmd_xbar_demux_002" File: C:/Users/nipuna1/Documents/EE109/Final Project Files/nios_system/synthesis/nios_system.v Line: 13610
Error (12006): Node instance "rsp_xbar_demux_007" instantiates undefined entity "nios_system_cmd_xbar_demux_002" File: C:/Users/nipuna1/Documents/EE109/Final Project Files/nios_system/synthesis/nios_system.v Line: 13627
Error (12006): Node instance "rsp_xbar_demux_008" instantiates undefined entity "nios_system_cmd_xbar_demux_002" File: C:/Users/nipuna1/Documents/EE109/Final Project Files/nios_system/synthesis/nios_system.v Line: 13644
Error (12006): Node instance "rsp_xbar_demux_009" instantiates undefined entity "nios_system_cmd_xbar_demux_002" File: C:/Users/nipuna1/Documents/EE109/Final Project Files/nios_system/synthesis/nios_system.v Line: 13661
Error (12006): Node instance "rsp_xbar_demux_010" instantiates undefined entity "nios_system_cmd_xbar_demux_002" File: C:/Users/nipuna1/Documents/EE109/Final Project Files/nios_system/synthesis/nios_system.v Line: 13678
Error (12006): Node instance "rsp_xbar_demux_011" instantiates undefined entity "nios_system_cmd_xbar_demux_002" File: C:/Users/nipuna1/Documents/EE109/Final Project Files/nios_system/synthesis/nios_system.v Line: 13695
Error (12006): Node instance "rsp_xbar_demux_012" instantiates undefined entity "nios_system_cmd_xbar_demux_002" File: C:/Users/nipuna1/Documents/EE109/Final Project Files/nios_system/synthesis/nios_system.v Line: 13712
Error (12006): Node instance "rsp_xbar_demux_013" instantiates undefined entity "nios_system_rsp_xbar_demux_013" File: C:/Users/nipuna1/Documents/EE109/Final Project Files/nios_system/synthesis/nios_system.v Line: 13729
Error (12006): Node instance "rsp_xbar_demux_014" instantiates undefined entity "nios_system_cmd_xbar_demux_002" File: C:/Users/nipuna1/Documents/EE109/Final Project Files/nios_system/synthesis/nios_system.v Line: 13746
Error (12006): Node instance "rsp_xbar_demux_015" instantiates undefined entity "nios_system_rsp_xbar_demux_015" File: C:/Users/nipuna1/Documents/EE109/Final Project Files/nios_system/synthesis/nios_system.v Line: 13793
Error (12006): Node instance "rsp_xbar_demux_016" instantiates undefined entity "nios_system_cmd_xbar_demux_002" File: C:/Users/nipuna1/Documents/EE109/Final Project Files/nios_system/synthesis/nios_system.v Line: 13810
Error (12006): Node instance "rsp_xbar_demux_017" instantiates undefined entity "nios_system_rsp_xbar_demux_013" File: C:/Users/nipuna1/Documents/EE109/Final Project Files/nios_system/synthesis/nios_system.v Line: 13827
Error (12006): Node instance "rsp_xbar_demux_018" instantiates undefined entity "nios_system_cmd_xbar_demux_002" File: C:/Users/nipuna1/Documents/EE109/Final Project Files/nios_system/synthesis/nios_system.v Line: 13844
Error (12006): Node instance "rsp_xbar_demux_019" instantiates undefined entity "nios_system_cmd_xbar_demux_002" File: C:/Users/nipuna1/Documents/EE109/Final Project Files/nios_system/synthesis/nios_system.v Line: 13861
Error (12006): Node instance "rsp_xbar_demux_020" instantiates undefined entity "nios_system_rsp_xbar_demux" File: C:/Users/nipuna1/Documents/EE109/Final Project Files/nios_system/synthesis/nios_system.v Line: 13884
Error (12006): Node instance "rsp_xbar_demux_021" instantiates undefined entity "nios_system_cmd_xbar_demux_002" File: C:/Users/nipuna1/Documents/EE109/Final Project Files/nios_system/synthesis/nios_system.v Line: 13901
Error (12006): Node instance "rsp_xbar_demux_022" instantiates undefined entity "nios_system_cmd_xbar_demux_002" File: C:/Users/nipuna1/Documents/EE109/Final Project Files/nios_system/synthesis/nios_system.v Line: 13918
Error (12006): Node instance "rsp_xbar_demux_023" instantiates undefined entity "nios_system_cmd_xbar_demux_002" File: C:/Users/nipuna1/Documents/EE109/Final Project Files/nios_system/synthesis/nios_system.v Line: 13935
Error (12006): Node instance "rsp_xbar_demux_024" instantiates undefined entity "nios_system_cmd_xbar_demux_002" File: C:/Users/nipuna1/Documents/EE109/Final Project Files/nios_system/synthesis/nios_system.v Line: 13952
Error (12006): Node instance "rsp_xbar_demux_025" instantiates undefined entity "nios_system_rsp_xbar_demux_013" File: C:/Users/nipuna1/Documents/EE109/Final Project Files/nios_system/synthesis/nios_system.v Line: 13969
Error (12006): Node instance "rsp_xbar_demux_026" instantiates undefined entity "nios_system_cmd_xbar_demux_002" File: C:/Users/nipuna1/Documents/EE109/Final Project Files/nios_system/synthesis/nios_system.v Line: 13986
Error (12006): Node instance "rsp_xbar_demux_027" instantiates undefined entity "nios_system_cmd_xbar_demux_002" File: C:/Users/nipuna1/Documents/EE109/Final Project Files/nios_system/synthesis/nios_system.v Line: 14003
Error (12006): Node instance "rsp_xbar_demux_028" instantiates undefined entity "nios_system_rsp_xbar_demux_013" File: C:/Users/nipuna1/Documents/EE109/Final Project Files/nios_system/synthesis/nios_system.v Line: 14020
Error (12006): Node instance "rsp_xbar_demux_029" instantiates undefined entity "nios_system_cmd_xbar_demux_002" File: C:/Users/nipuna1/Documents/EE109/Final Project Files/nios_system/synthesis/nios_system.v Line: 14037
Error (12006): Node instance "rsp_xbar_demux_030" instantiates undefined entity "nios_system_cmd_xbar_demux_002" File: C:/Users/nipuna1/Documents/EE109/Final Project Files/nios_system/synthesis/nios_system.v Line: 14054
Error (12006): Node instance "rsp_xbar_demux_031" instantiates undefined entity "nios_system_cmd_xbar_demux_002" File: C:/Users/nipuna1/Documents/EE109/Final Project Files/nios_system/synthesis/nios_system.v Line: 14071
Error (12006): Node instance "rsp_xbar_demux_032" instantiates undefined entity "nios_system_cmd_xbar_demux_002" File: C:/Users/nipuna1/Documents/EE109/Final Project Files/nios_system/synthesis/nios_system.v Line: 14088
Error (12006): Node instance "rsp_xbar_demux_033" instantiates undefined entity "nios_system_cmd_xbar_demux_002" File: C:/Users/nipuna1/Documents/EE109/Final Project Files/nios_system/synthesis/nios_system.v Line: 14105
Error (12006): Node instance "rsp_xbar_demux_034" instantiates undefined entity "nios_system_cmd_xbar_demux_002" File: C:/Users/nipuna1/Documents/EE109/Final Project Files/nios_system/synthesis/nios_system.v Line: 14122
Error (12006): Node instance "rsp_xbar_mux" instantiates undefined entity "nios_system_rsp_xbar_mux" File: C:/Users/nipuna1/Documents/EE109/Final Project Files/nios_system/synthesis/nios_system.v Line: 14145
Error (12006): Node instance "rsp_xbar_mux_001" instantiates undefined entity "nios_system_rsp_xbar_mux_001" File: C:/Users/nipuna1/Documents/EE109/Final Project Files/nios_system/synthesis/nios_system.v Line: 14366
Error (12006): Node instance "width_adapter" instantiates undefined entity "altera_merlin_width_adapter" File: C:/Users/nipuna1/Documents/EE109/Final Project Files/nios_system/synthesis/nios_system.v Line: 14424
Error (12006): Node instance "width_adapter_001" instantiates undefined entity "altera_merlin_width_adapter" File: C:/Users/nipuna1/Documents/EE109/Final Project Files/nios_system/synthesis/nios_system.v Line: 14482
Error (12006): Node instance "width_adapter_002" instantiates undefined entity "altera_merlin_width_adapter" File: C:/Users/nipuna1/Documents/EE109/Final Project Files/nios_system/synthesis/nios_system.v Line: 14540
Error (12006): Node instance "width_adapter_003" instantiates undefined entity "altera_merlin_width_adapter" File: C:/Users/nipuna1/Documents/EE109/Final Project Files/nios_system/synthesis/nios_system.v Line: 14598
Error (12006): Node instance "width_adapter_004" instantiates undefined entity "altera_merlin_width_adapter" File: C:/Users/nipuna1/Documents/EE109/Final Project Files/nios_system/synthesis/nios_system.v Line: 14656
Error (12006): Node instance "width_adapter_005" instantiates undefined entity "altera_merlin_width_adapter" File: C:/Users/nipuna1/Documents/EE109/Final Project Files/nios_system/synthesis/nios_system.v Line: 14714
Error (12006): Node instance "width_adapter_006" instantiates undefined entity "altera_merlin_width_adapter" File: C:/Users/nipuna1/Documents/EE109/Final Project Files/nios_system/synthesis/nios_system.v Line: 14772
Error (12006): Node instance "width_adapter_007" instantiates undefined entity "altera_merlin_width_adapter" File: C:/Users/nipuna1/Documents/EE109/Final Project Files/nios_system/synthesis/nios_system.v Line: 14830
Error (12006): Node instance "width_adapter_008" instantiates undefined entity "altera_merlin_width_adapter" File: C:/Users/nipuna1/Documents/EE109/Final Project Files/nios_system/synthesis/nios_system.v Line: 14888
Error (12006): Node instance "width_adapter_009" instantiates undefined entity "altera_merlin_width_adapter" File: C:/Users/nipuna1/Documents/EE109/Final Project Files/nios_system/synthesis/nios_system.v Line: 14946
Error (12006): Node instance "width_adapter_010" instantiates undefined entity "altera_merlin_width_adapter" File: C:/Users/nipuna1/Documents/EE109/Final Project Files/nios_system/synthesis/nios_system.v Line: 15004
Error (12006): Node instance "width_adapter_011" instantiates undefined entity "altera_merlin_width_adapter" File: C:/Users/nipuna1/Documents/EE109/Final Project Files/nios_system/synthesis/nios_system.v Line: 15062
Error (12006): Node instance "irq_mapper" instantiates undefined entity "nios_system_irq_mapper" File: C:/Users/nipuna1/Documents/EE109/Final Project Files/nios_system/synthesis/nios_system.v Line: 15080
Error (12006): Node instance "avalon_st_adapter" instantiates undefined entity "nios_system_avalon_st_adapter" File: C:/Users/nipuna1/Documents/EE109/Final Project Files/nios_system/synthesis/nios_system.v Line: 15116
Error (12006): Node instance "avalon_st_adapter_001" instantiates undefined entity "nios_system_avalon_st_adapter_001" File: C:/Users/nipuna1/Documents/EE109/Final Project Files/nios_system/synthesis/nios_system.v Line: 15152
Error: Quartus II 32-bit Analysis & Synthesis was unsuccessful. 306 errors, 2 warnings
    Error: Peak virtual memory: 366 megabytes
    Error: Processing ended: Sun May 24 01:11:24 2015
    Error: Elapsed time: 00:00:04
    Error: Total CPU time (on all processors): 00:00:04


